{"version": "1", "deploymentid": "f653e95c-df68-4f62-9cdf-bfe9a3837030", "time": "2025-03-04T04:40:56.906750999Z", "event": "", "trigger": "incoming", "api": {"name": "SetConfigKV", "status": "OK", "statusCode": 200, "rx": 112, "tx": 0, "timeToResponse": "48225503ns", "timeToResponseInNS": "48225503"}, "remotehost": "103.114.211.248", "requestID": "18297FCEBC89F637", "userAgent": "MinIO (linux; amd64) madmin-go/3.0.70 mc/RELEASE.2024-11-21T17-21-54Z", "requestPath": "/minio/admin/v3/set-config-kv", "requestHost": "play.min.io", "requestHeader": {"Accept-Encoding": "zstd,gzip", "Authorization": "AWS4-HMAC-SHA256 Credential=Q3AM3UQ867SPQQA43P2F/20250304//s3/aws4_request, SignedHeaders=host;x-amz-content-sha256;x-amz-date, Signature=f29e193959b75001dec0114d5810ff01bfe0c2b77918653d42058c158039066d", "Content-Length": "112", "User-Agent": "MinIO (linux; amd64) madmin-go/3.0.70 mc/RELEASE.2024-11-21T17-21-54Z", "X-Amz-Content-Sha256": "4c8bdfa38a8effd87fb01bd1ad0ddbc0c003bb57d4fbdd762ba46c31638fd31a", "X-Amz-Date": "20250304T044056Z", "X-Forwarded-For": "103.114.211.248", "X-Forwarded-Proto": "https", "X-Nginx-Proxy": "true", "X-Real-Ip": "103.114.211.248"}, "responseHeader": {"Accept-Ranges": "bytes", "Content-Length": "0", "Server": "MinIO", "Strict-Transport-Security": "max-age=31536000; includeSubDomains", "Vary": "Origin,Accept-Encoding", "X-Amz-Bucket-Region": "us-east-1", "X-Amz-Id-2": "3e996b2f640d7e065d3a5c4e39a5538cefb82e3e77771990265e4698d8681eac", "X-Amz-Request-Id": "18297FCEBC89F637", "X-Content-Type-Options": "nosniff", "X-Minio-Config-Applied": "true", "X-Xss-Protection": "1; mode=block"}, "accessKey": "Q3AM3UQ867SPQQA43P2F"}
{"version": "1", "deploymentid": "f653e95c-df68-4f62-9cdf-bfe9a3837030", "time": "2025-03-04T04:40:56.906750999Z", "event": "", "trigger": "incoming", "api": {"name": "SetConfigKV", "status": "OK", "statusCode": 200, "rx": 112, "tx": 0, "timeToResponse": "48225503ns", "timeToResponseInNS": "48225503"}, "remotehost": "103.114.211.248", "requestID": "18297FCEBC89F637", "userAgent": "MinIO (linux; amd64) madmin-go/3.0.70 mc/RELEASE.2024-11-21T17-21-54Z", "requestPath": "/minio/admin/v3/set-config-kv", "requestHost": "play.min.io", "requestHeader": {"Accept-Encoding": "zstd,gzip", "Authorization": "AWS4-HMAC-SHA256 Credential=Q3AM3UQ867SPQQA43P2F/20250304//s3/aws4_request, SignedHeaders=host;x-amz-content-sha256;x-amz-date, Signature=f29e193959b75001dec0114d5810ff01bfe0c2b77918653d42058c158039066d", "Content-Length": "112", "User-Agent": "MinIO (linux; amd64) madmin-go/3.0.70 mc/RELEASE.2024-11-21T17-21-54Z", "X-Amz-Content-Sha256": "4c8bdfa38a8effd87fb01bd1ad0ddbc0c003bb57d4fbdd762ba46c31638fd31a", "X-Amz-Date": "20250304T044056Z", "X-Forwarded-For": "103.114.211.248", "X-Forwarded-Proto": "https", "X-Nginx-Proxy": "true", "X-Real-Ip": "103.114.211.248"}, "responseHeader": {"Accept-Ranges": "bytes", "Content-Length": "0", "Server": "MinIO", "Strict-Transport-Security": "max-age=31536000; includeSubDomains", "Vary": "Origin,Accept-Encoding", "X-Amz-Bucket-Region": "us-east-1", "X-Amz-Id-2": "3e996b2f640d7e065d3a5c4e39a5538cefb82e3e77771990265e4698d8681eac", "X-Amz-Request-Id": "18297FCEBC89F637", "X-Content-Type-Options": "nosniff", "X-Minio-Config-Applied": "true", "X-Xss-Protection": "1; mode=block"}, "accessKey": "Q3AM3UQ867SPQQA43P2F"}